NOTICE:  Found 5 data formatting errors (5 or more input rows). Rejected related input data.
1|1abc|1.4|1.8
4|4abc|4.4|4.8
