{"id": 104648799179382784, "text": "RT @RobertoSosaMtz: \"@SexoFacto: Hoy es viernes, se supone que hoy toca ¿no?\"// y ayer porque era jueves no ...? Y mañana porque será sá ...", "created_at": "Fri Aug 19 20:19:52 +0000 2011", "user": {"name": "Gabriela Chavez Ol", "friends_count": 45, "id": 271644147}}
{"id": 104648803352711168, "text": "Drogbaaa !! .. oo  matadorr ! ahsuahsuhauhsa..   não da pro patinho do meu irmaoo !  ahushaushauhsuahs", "created_at": "Fri Aug 19 20:19:53 +0000 2011", "user": {"name": "Gustavo ", "friends_count": 47, "id": 286879516}}
{"id": 104648803352715264, "text": "@smrtmnky It's just a well-crafted pop tour de force. Never pretending to be more", "created_at": "Fri Aug 19 20:19:53 +0000 2011", "user": {"name": "Alex Goldschmidt", "friends_count": 370, "id": 14326874}}
{"id": 104648803356905472, "text": "I wish I can take a pic... There is like 20 people here all on their cel phones tapping away... #starbucks", "created_at": "Fri Aug 19 20:19:53 +0000 2011", "user": {"name": "John", "friends_count": 1177, "id": 15434059}}
{"id": 104648803356905474, "text": "sakārojās marshmallowi, mmm.", "created_at": "Fri Aug 19 20:19:53 +0000 2011", "user": {"name": "Sindija Rūmniece", "friends_count": 42, "id": 247417013}}
{"id": 104648803361099776, "text": "RT @whitehouse: White House Internship Program -- Blog on experience: http://t.co/ZCq5P2t Spring 2012 application: http://t.co/PeXb7Dc", "created_at": "Fri Aug 19 20:19:53 +0000 2011", "user": {"name": "stephanie", "friends_count": 1301, "id": 16209626}}
{"id": 104648803361112064, "text": "@SusyDiazTO jajaj #justinbeiber #FAIL", "created_at": "Fri Aug 19 20:19:53 +0000 2011", "user": {"name": "alejandro rodriguez", "friends_count": 94, "id": 51207178}}
{"id": 104648803365294080, "text": "RT @soloporjoder: Cursillo de Twitter:\n1)¿Ve una cuenta que le interese? Dele follow.\n2)Si al tiempo no le gusta: dele Unfollow.\n3)Si le ...", "created_at": "Fri Aug 19 20:19:53 +0000 2011", "user": {"name": "Iván Rodriguez", "friends_count": 425, "id": 69656906}}
{"id": 104648803365294081, "text": "RT @VanNeshiuX: Si me consedieran 2 deseos horita. .pediria x la salud de mi primo. .y que en \"chiapas\" no hiciera tanto calor. ..", "created_at": "Fri Aug 19 20:19:53 +0000 2011", "user": {"name": "celOsthiinO", "friends_count": 494, "id": 93906927}}
{"id": 104648803365302272, "text": "RT @_AlexisJade: Chillin' before work :)|Whea Yu Wurk...", "created_at": "Fri Aug 19 20:19:53 +0000 2011", "user": {"name": "Ace Lucky Luciano", "friends_count": 2332, "id": 200877236}}
{"id": 104648803369484288, "text": "@elteatrobar cuanto es el limite por curiosidad?", "created_at": "Fri Aug 19 20:19:53 +0000 2011", "user": {"name": "Oswaldo Tosta ", "friends_count": 515, "id": 85468407}}
{"id": 104648803369496576, "text": "RT @Juvenistina: Juventus masih inginkan Eljero Elia. Amauri dipersiapkan menjadi opsi tambahan untuk mempermudah proses tsb.", "created_at": "Fri Aug 19 20:19:53 +0000 2011", "user": {"name": "deniadhitya", "friends_count": 349, "id": 124825392}}
{"id": 104648803373690880, "text": "é @Mirelakarine, por isso que eu digo logo que não interessa! aqui em murici o mais ver é cobra!!", "created_at": "Fri Aug 19 20:19:53 +0000 2011", "user": {"name": "Karol Vasconcelos", "friends_count": 61, "id": 355818418}}
{"id": 104648803373690881, "text": "솔직히 이 닌복 디자인... 많이 창피합니다! 교장 선생님! 바꿔주시죠!", "created_at": "Fri Aug 19 20:19:53 +0000 2011", "user": {"name": "카토 단조/D ", "friends_count": 6, "id": 323570250}}
{"id": 104648803377876992, "text": "@gabimariab um salve pra elas \\o/ E mais tarde a gente comemora com samba!", "created_at": "Fri Aug 19 20:19:53 +0000 2011", "user": {"name": "Bruna", "friends_count": 103, "id": 199889993}}
{"id": 104648803377881088, "text": "Hoy nos vamos de parranda @Bindi_Bird", "created_at": "Fri Aug 19 20:19:53 +0000 2011", "user": {"name": "Alonso Parruad ", "friends_count": 80, "id": 353494970}}
{"id": 104648803377885184, "text": "Гули гули http://t.co/kIkHUqg", "created_at": "Fri Aug 19 20:19:53 +0000 2011", "user": {"name": "Arthur", "friends_count": 176, "id": 227439671}}
{"id": 104648803377889280, "text": "Newsgroups: O Nata Lux: fantastico inno http://t.co/zrQOndy", "created_at": "Fri Aug 19 20:19:53 +0000 2011", "user": {"name": "Usenet Italia", "friends_count": 267, "id": 68701967}}
{"id": 104648803382067200, "text": "@ThataMendes134 oi tininhaaa", "created_at": "Fri Aug 19 20:19:53 +0000 2011", "user": {"name": "Marcela Freitas", "friends_count": 26, "id": 309206817}}
{"id": 104648803382071296, "text": "RT @LynziIsWinning: I swear, my boyfriend, @HanSolosWinning sleeps more than anyone I know. I don't even know how it's possible to sleep ...", "created_at": "Fri Aug 19 20:19:53 +0000 2011", "user": {"name": "Cody Wilds", "friends_count": 37, "id": 151733665}}
{"id": 104648803382071299, "text": "@giicamasao dá pra me atender caralho HUAHUAHUA *-*", "created_at": "Fri Aug 19 20:19:53 +0000 2011", "user": {"name": "Maa.", "friends_count": 265, "id": 143230875}}
{"id": 104648803382083584, "text": "dat it 4 2dae-dat it", "created_at": "Fri Aug 19 20:19:53 +0000 2011", "user": {"name": "yongblodsaedat", "friends_count": 100, "id": 297380210}}
{"id": 104648803386261504, "text": "@Jeradzzz they are exclusive to Next Level employees. All my staff have them....... Or you can order one on threadless", "created_at": "Fri Aug 19 20:19:53 +0000 2011", "user": {"name": "Anthony Foster", "friends_count": 49, "id": 121491860}}
{"id": 104648803390472192, "text": "@yn_ck そっか、岩手を楽しんでいってねー(((o(*ﾟ▽ﾟ*)o)))", "created_at": "Fri Aug 19 20:19:53 +0000 2011", "user": {"name": "ﾋﾛ♂", "friends_count": 622, "id": 96042401}}
{"id": 104648807547011072, "text": "@JasonRudipak @endrooberson nyet, lu pada ke senayan ga entar?", "created_at": "Fri Aug 19 20:19:54 +0000 2011", "user": {"name": "Dimas Gunawan", "friends_count": 171, "id": 78208855}}
{"id": 104648807555399680, "text": "ooooi ammores, Boaa Tarde! saaudades do povins *---*", "created_at": "Fri Aug 19 20:19:54 +0000 2011", "user": {"name": "Aliny Castro", "friends_count": 444, "id": 292391781}}
{"id": 104648807563788288, "text": "I have butterflies in my stomach thinking about seeing you tonight. So weird... Hope your training goes well. In line for security now.", "created_at": "Fri Aug 19 20:19:54 +0000 2011", "user": {"name": "Chit chat", "friends_count": 0, "id": 342511571}}
{"id": 104648807563792384, "text": "RT @_CinnCity: It looks like it's gonna pour & I love it !", "created_at": "Fri Aug 19 20:19:54 +0000 2011", "user": {"name": "THEhype", "friends_count": 427, "id": 76265896}}
{"id": 104648807576375296, "text": "RT @MisterPhrases: Nunca te rindas ante los obstáculos que nos presenta la vida, recuerda que quien lucha por lo que quiere goza de sus  ...", "created_at": "Fri Aug 19 20:19:54 +0000 2011", "user": {"name": "angelimar ortiz ", "friends_count": 139, "id": 133823494}}
{"id": 104648807576375297, "text": "@MileStone_Band ga mijn premie wel terugverdienen nu hihihi", "created_at": "Fri Aug 19 20:19:54 +0000 2011", "user": {"name": "Miranda vd Brink", "friends_count": 1091, "id": 81334198}}
{"id": 104648807576383488, "text": "RT @PLucasMeuTesao: Pra você que tem FACEBOOK, pode curtir a página Oficial da @rockrestart [http://t.co/1WFnSyj] e da #RestartShop [htt ...", "created_at": "Fri Aug 19 20:19:54 +0000 2011", "user": {"name": "FCO Restart Floripa", "friends_count": 509, "id": 174342062}}
{"id": 104648807576383489, "text": "Avemariapurisima, ya se me estaba olvidando darle su tortilla a mis pavos", "created_at": "Fri Aug 19 20:19:54 +0000 2011", "user": {"name": "lamestizona", "friends_count": 66, "id": 339528568}}
{"id": 104648807576383490, "text": "@06melihgokcek savcıyla ne konuştunuz ve neden isminiz sürekli bu tür sevilmeyen olaylar ile anılıyor?", "created_at": "Fri Aug 19 20:19:54 +0000 2011", "user": {"name": "Ulvi ERCAN", "friends_count": 50, "id": 315766849}}
{"id": 104648807580565504, "text": "RT @Stevanie_Mariee: It’s so simple to be wise. Just think of something stupid to say and then don’t say it.#justsaying", "created_at": "Fri Aug 19 20:19:54 +0000 2011", "user": {"name": "Single Moms TV", "friends_count": 568, "id": 32556888}}
{"id": 104648807580573696, "text": "Can't wait til my lil cos lil Kelly get out fuck you snitch nigas", "created_at": "Fri Aug 19 20:19:54 +0000 2011", "user": {"name": "HustlinAzz Bloccboi", "friends_count": 393, "id": 201499932}}
{"id": 104648807580573697, "text": "que soninho", "created_at": "Fri Aug 19 20:19:54 +0000 2011", "user": {"name": "Francielly Uliana ", "friends_count": 142, "id": 182122002}}
{"id": 104648807584776192, "text": "Karayiplerde kus olsam. Kasadaki fis olsam.opsem seni gozlerinden..gozunden akan yas olsam", "created_at": "Fri Aug 19 20:19:54 +0000 2011", "user": {"name": "Volkan Alptekin", "friends_count": 17, "id": 122163218}}
{"id": 104648811741323264, "text": "http://t.co/TasPMhB is totally amazing! Jim Hendry Lucien Laviscount", "created_at": "Fri Aug 19 20:19:55 +0000 2011", "user": {"name": "Karry Gaudio", "friends_count": 0, "id": 356484859}}
{"id": 104648811745509376, "text": "This family of miinneeeee", "created_at": "Fri Aug 19 20:19:55 +0000 2011", "user": {"name": "Eu•ni•que ", "friends_count": 46, "id": 304953215}}
{"id": 104648811745525760, "text": "Impressed with all the thoughtful thank you cards from summer @marlomarketing interns http://t.co/84BNIyf", "created_at": "Fri Aug 19 20:19:55 +0000 2011", "user": {"name": "Ameliaranne", "friends_count": 547, "id": 16243733}}
{"id": 104648811745525761, "text": "@Raheem_CFC @juanmacastano who's juan?", "created_at": "Fri Aug 19 20:19:55 +0000 2011", "user": {"name": "Nando9", "friends_count": 597, "id": 172901864}}
{"id": 104648811749703680, "text": "@ChaseDotado lol no thanks! Mom didn't Whole Foods shop yet =)", "created_at": "Fri Aug 19 20:19:55 +0000 2011", "user": {"name": "Ms. Kelia Coleman", "friends_count": 294, "id": 186326880}}
{"id": 104648811749707776, "text": "@Deirpaider577 おはようございます！おはありでした。今日は忙しい！", "created_at": "Fri Aug 19 20:19:55 +0000 2011", "user": {"name": "mac-k", "friends_count": 177, "id": 189885059}}
{"id": 104648811749711872, "text": "RT @TititicaReaI: dormir é uma coisa tão facil....faço isso até de olhos fechados .....", "created_at": "Fri Aug 19 20:19:55 +0000 2011", "user": {"name": "thiago henrique sest", "friends_count": 27, "id": 285108415}}
{"id": 104648811749715969, "text": "Huahahaha #peace RT @mkarinaps: Its damn last year yomaan hahaha“@anggrhinoue: Dibela2in pulang pagi kan lgsg kuliah *wink  #eeaaa", "created_at": "Fri Aug 19 20:19:55 +0000 2011", "user": {"name": "Harsya Anggrhinoue", "friends_count": 357, "id": 57172915}}
{"id": 104648811749715970, "text": "No, mentira.", "created_at": "Fri Aug 19 20:19:55 +0000 2011", "user": {"name": "Charlie Baileygates", "friends_count": 775, "id": 150282457}}
{"id": 104648811749715971, "text": "Ultimo fin de semana de vacaciones #Fail", "created_at": "Fri Aug 19 20:19:55 +0000 2011", "user": {"name": "Daniiel'Estradda", "friends_count": 1774, "id": 186520396}}
{"id": 104648811753897984, "text": "Watmoetknou!", "created_at": "Fri Aug 19 20:19:55 +0000 2011", "user": {"name": "♥.", "friends_count": 100, "id": 165709218}}
{"id": 104648811753910272, "text": "@LOOKATMEMIRANDAhoe heet dat liedje waar kim op danste #hollandsgottalent", "created_at": "Fri Aug 19 20:19:55 +0000 2011", "user": {"name": "Damian", "friends_count": 136, "id": 215043190}}
{"id": 104648811758092289, "text": "RT @sucitale: tadi sebelum sampe ke taman suropati, kita ngelewatin taman lawang guys, ada alumni 5 yg diganggu gitu dah hahaha", "created_at": "Fri Aug 19 20:19:55 +0000 2011", "user": {"name": "alind channesa", "friends_count": 611, "id": 263038813}}
{"id": 104648811758092290, "text": "化粧とか、洋服に無頓着だからなぁwwwだれか助けてww", "created_at": "Fri Aug 19 20:19:55 +0000 2011", "user": {"name": "阿威羅@恋人募集なう←", "friends_count": 333, "id": 226615423}}
{"id": 104648811758100480, "text": "RT @Red_Crayola07: I need a drink.&lt;&lt;--- I need about 15", "created_at": "Fri Aug 19 20:19:55 +0000 2011", "user": {"name": "Prince Salomon", "friends_count": 449, "id": 113829470}}
{"id": 104648811758108672, "text": "I'm looking down from the top and its crowded below.", "created_at": "Fri Aug 19 20:19:55 +0000 2011", "user": {"name": "Aug 12th B~Day ¤", "friends_count": 1739, "id": 240353672}}
{"id": 104648811762298880, "text": "@yukio_ey あまり寝たくないのですが…", "created_at": "Fri Aug 19 20:19:55 +0000 2011", "user": {"name": "ブロッコアマイモン", "friends_count": 25, "id": 352050167}}
{"id": 104648811762302976, "text": "hey everyone youve got to check this out I made $350 today so far http://t.co/aaDkPjc", "created_at": "Fri Aug 19 20:19:55 +0000 2011", "user": {"name": "Jessica Rusch", "friends_count": 1, "id": 341717110}}
{"id": 104648811766484992, "text": "RT @fuckyourpenguin: I loveee that song called misery business by paramore..", "created_at": "Fri Aug 19 20:19:55 +0000 2011", "user": {"name": "xoxo 'Jazzmyn Nicole", "friends_count": 738, "id": 232668458}}
{"id": 104648811766493184, "text": "un bon westside conection sa fait du bien", "created_at": "Fri Aug 19 20:19:55 +0000 2011", "user": {"name": "Clothilde", "friends_count": 54, "id": 339018449}}
{"id": 104648811770679296, "text": "#Meus_Fãs: @tullinho @JuuBritto @_Matheusmayer @Filipesudre @jully_ana_ @Karinask_ veja os seus em http://t.co/McW2tMR", "created_at": "Fri Aug 19 20:19:55 +0000 2011", "user": {"name": "Lucas Candido Plaza", "friends_count": 78, "id": 104688674}}
{"id": 104648811770691584, "text": "it's my birthday on sunday, i remember u scoring vs wigan last year on my birthday, mayb u can get another this year 4 me!!@YossiBenayoun15", "created_at": "Fri Aug 19 20:19:55 +0000 2011", "user": {"name": "Mark Smith", "friends_count": 229, "id": 293775692}}
{"id": 104648811770691586, "text": "RT @justxlife: In life we do things, some we wish we had never done, some we wanna replay a million times in our heads. But they make us ...", "created_at": "Fri Aug 19 20:19:55 +0000 2011", "user": {"name": "ninabremman", "friends_count": 68, "id": 309788838}}
{"id": 104648811774869504, "text": "You don't know how good it feels to call you my boy", "created_at": "Fri Aug 19 20:19:55 +0000 2011", "user": {"name": "FuckYouBxtch", "friends_count": 306, "id": 199301014}}
{"id": 104648811779072000, "text": "RT @_TheRealMontage: females should carry condoms too. #JustSaying.", "created_at": "Fri Aug 19 20:19:55 +0000 2011", "user": {"name": "Leonard Hughes", "friends_count": 97, "id": 329971293}}
{"id": 104648811779080193, "text": "Tja ik moet plassen #destomstedingentwitteren", "created_at": "Fri Aug 19 20:19:55 +0000 2011", "user": {"name": "xxEsmeexx", "friends_count": 7, "id": 323866618}}
{"id": 104648811779080194, "text": "Why is it that dogs love to hang their head out of the car window, but get mad at you when you blow in their face? #randomthought", "created_at": "Fri Aug 19 20:19:55 +0000 2011", "user": {"name": "Brittany Theresa", "friends_count": 158, "id": 343615427}}
{"id": 104648815939821568, "text": "@Msmimibaybe check dm", "created_at": "Fri Aug 19 20:19:56 +0000 2011", "user": {"name": "deezy edwards", "friends_count": 64, "id": 88795805}}
{"id": 104648815944019968, "text": "@brittie15 hi bby!", "created_at": "Fri Aug 19 20:19:56 +0000 2011", "user": {"name": "Cassie Owen", "friends_count": 432, "id": 91932638}}
{"id": 104648815948206081, "text": "@pjswan Moto (Motorola) tech that is...stupid phone. (MOTOROLA PHONE!!!!) Lol", "created_at": "Fri Aug 19 20:19:56 +0000 2011", "user": {"name": "Eric", "friends_count": 151, "id": 289442506}}
{"id": 104648815948214272, "text": "RT @BelieberHood: I don't think @justinbieber even knows how he changed my life. Maybe if he reads this http://t.co/dA7Vyqw", "created_at": "Fri Aug 19 20:19:56 +0000 2011", "user": {"name": "Amanda:)", "friends_count": 1469, "id": 285606131}}
{"id": 104648815952404480, "text": "@Chester_Noda hey you flirt", "created_at": "Fri Aug 19 20:19:56 +0000 2011", "user": {"name": "Alex", "friends_count": 619, "id": 37260450}}
{"id": 104648815952412672, "text": "@AgapitoFlw JAjajajajajaja Mama bicho!! ... Cuando Comienze a Trabajar con Mi Fama tienes ke Dejar eso pq Saldre en la Comay !! hahaha", "created_at": "Fri Aug 19 20:19:56 +0000 2011", "user": {"name": "Nándz", "friends_count": 33, "id": 348237441}}
{"id": 104648815952412673, "text": "@adrisneakz that goes to show if you stick with somthing long enough ppl will flock to it and you can say YALL NIGGAZ LATE AS HELL", "created_at": "Fri Aug 19 20:19:56 +0000 2011", "user": {"name": "Rodney Wright", "friends_count": 717, "id": 144280649}}
{"id": 104648815956590592, "text": "I hate having beef with people.", "created_at": "Fri Aug 19 20:19:56 +0000 2011", "user": {"name": "Abigail Achiri", "friends_count": 159, "id": 88436683}}
{"id": 104648815960797184, "text": "FitFlop Walkstar III lets you work out while you walk! http://t.co/SuVDzqh", "created_at": "Fri Aug 19 20:19:56 +0000 2011", "user": {"name": "Living Better", "friends_count": 9, "id": 291790790}}
{"id": 104648815964995584, "text": "@MaryanneAbreu_ eu realmente não sabia que precisava tomar banho pra atender um telefonema , ai ai , sei não viu *-*", "created_at": "Fri Aug 19 20:19:56 +0000 2011", "user": {"name": "karoliina", "friends_count": 142, "id": 64135029}}
{"id": 104648815973367808, "text": "Size tek önerim eğer Tv izliyorsanız sakn Atv'ye getirmeyin..Diyeceğimi yanlış anlamayın ama orda insanı esir alan bir ortam var..", "created_at": "Fri Aug 19 20:19:56 +0000 2011", "user": {"name": "büşra şık", "friends_count": 199, "id": 319029578}}
{"id": 104648815973376000, "text": "RT @NovaGiovanni: The government poisoned our people, killed our heroes, & always finds new ways to kill off our population.", "created_at": "Fri Aug 19 20:19:56 +0000 2011", "user": {"name": "Sir Buzz Trillington", "friends_count": 156, "id": 289167155}}
{"id": 104648815973376001, "text": "For relaxing times, make it Chocolate time. http://t.co/92YhkJM", "created_at": "Fri Aug 19 20:19:56 +0000 2011", "user": {"name": "Caroline De Beleyr", "friends_count": 31, "id": 250596782}}
{"id": 104648820129927169, "text": "приехала моя Женька, приготовили сосиски в тесте и яблочный штрудель...последнее оказалось мега-вкусное творение)))", "created_at": "Fri Aug 19 20:19:57 +0000 2011", "user": {"name": "Nastya S_Va", "friends_count": 10, "id": 309761987}}
{"id": 104648820129931264, "text": "¡Vaya! Ya has twitteado eso... Bla bla blaaaaaa", "created_at": "Fri Aug 19 20:19:57 +0000 2011", "user": {"name": "María Fernanda M.", "friends_count": 255, "id": 122214276}}
{"id": 104648820134117376, "text": "@jonasbieber1118 just followed you back!(:", "created_at": "Fri Aug 19 20:19:57 +0000 2011", "user": {"name": "Stephanie", "friends_count": 83, "id": 64322578}}
{"id": 104648820134121472, "text": "@deniskns vo entra", "created_at": "Fri Aug 19 20:19:57 +0000 2011", "user": {"name": "Cifrão Stronda", "friends_count": 177, "id": 160353982}}
{"id": 104648820134125568, "text": "@_Lgee I thought u were leaving!liar!", "created_at": "Fri Aug 19 20:19:57 +0000 2011", "user": {"name": "Yessenia❤", "friends_count": 342, "id": 271538736}}
{"id": 104648820134125569, "text": "@DJazzoff я не загадываю) я знаю ;-)", "created_at": "Fri Aug 19 20:19:57 +0000 2011", "user": {"name": "=) Luanna (=", "friends_count": 8, "id": 346413187}}
{"id": 104648820134133761, "text": "En verdad hay un par de abogados ciegos q veo en los tribunales, no se como hacen, pero los admiro mucho #respect", "created_at": "Fri Aug 19 20:19:57 +0000 2011", "user": {"name": "Jerónimo Mejía", "friends_count": 138, "id": 229241986}}
{"id": 104648820142505984, "text": "Watch the Throne is the best rap album #imjustsayen", "created_at": "Fri Aug 19 20:19:57 +0000 2011", "user": {"name": "Nina ", "friends_count": 49, "id": 254400800}}
{"id": 104648820142518272, "text": "I saw Drowning Pool last night in my small little hometown.  I enjoyed it they put on a nice show", "created_at": "Fri Aug 19 20:19:57 +0000 2011", "user": {"name": "Rickey", "friends_count": 7, "id": 235335352}}
{"id": 104648820146708480, "text": "@Reynaldyy lo nonton paramore?", "created_at": "Fri Aug 19 20:19:57 +0000 2011", "user": {"name": "Ahmad Munsif Respati", "friends_count": 598, "id": 67224779}}
{"id": 104648820146712576, "text": "En la samartin comprando un pastel mmMmmM... De chocolate por fiis hahaha (:", "created_at": "Fri Aug 19 20:19:57 +0000 2011", "user": {"name": "Joselyn Barrios (: ", "friends_count": 48, "id": 297367477}}
{"id": 104648820146716672, "text": "RT @_Dannyy_A: @dacch_ gaat een ei voor me maken jaa:) « YEAH ☺", "created_at": "Fri Aug 19 20:19:57 +0000 2011", "user": {"name": "Mrs. Happy ♡", "friends_count": 217, "id": 66996812}}
{"id": 104648820150898688, "text": "@Immortal_Nami *hugs her surprising her* :3", "created_at": "Fri Aug 19 20:19:57 +0000 2011", "user": {"name": "Dalganoth Hitokiri", "friends_count": 65, "id": 69082817}}
{"id": 104648820150910976, "text": "#ff @Nylesiaaa", "created_at": "Fri Aug 19 20:19:57 +0000 2011", "user": {"name": "Lexie :)", "friends_count": 204, "id": 240569219}}
{"id": 104648820150910978, "text": "@theoayres experimenta o de abacaxi com hortelã...", "created_at": "Fri Aug 19 20:19:57 +0000 2011", "user": {"name": " CAROLINA MORAIS ", "friends_count": 475, "id": 66223328}}
{"id": 104648820150910979, "text": "Aaaah ! Auudrene didn't help me x)", "created_at": "Fri Aug 19 20:19:57 +0000 2011", "user": {"name": "LuisDurazo", "friends_count": 34, "id": 330775357}}
{"id": 104648820155105280, "text": "@Flymoney_French u gotta make your schedule r pay r financial aid ????", "created_at": "Fri Aug 19 20:19:57 +0000 2011", "user": {"name": "Jazmine Agee", "friends_count": 133, "id": 322394293}}
{"id": 104648820159299584, "text": "@LigiaColinPerez MI TOODO! HEEEY ME HINCO ANTE TODA TU GRANDEZA! A LA BELLEZA CUANDO SACASTE TU FUERZA ERES GIGANTE♥...", "created_at": "Fri Aug 19 20:19:57 +0000 2011", "user": {"name": "Yaael De Ligiaa", "friends_count": 78, "id": 57855419}}
{"id": 104648820163485696, "text": "@Javier_Alatorre Igualitos q en Mexico en el 85", "created_at": "Fri Aug 19 20:19:57 +0000 2011", "user": {"name": "Fernando Villegas L", "friends_count": 36, "id": 109477909}}
{"id": 104648820167688192, "text": "The fuckinq high way full of people smhh where the hell theyy going", "created_at": "Fri Aug 19 20:19:57 +0000 2011", "user": {"name": "-HiS'SUGGA[plUM]", "friends_count": 273, "id": 51953044}}
