NOTICE:  Found 3 data formatting errors (3 or more input rows). Rejected related input data.
104648799179382784|Fri Aug 19 20:19:52 +0000 2011|Gabriela Chavez Ol|271644147|45|RT @RobertoSosaMtz: "@SexoFacto: Hoy es viernes, se supone que hoy toca ¿no?"// y ayer porque era jueves no ...? Y mañana porque será sá ...
104648803352711168|Fri Aug 19 20:19:53 +0000 2011|Gustavo |286879516|47|Drogbaaa !! .. oo  matadorr ! ahsuahsuhauhsa..   não da pro patinho do meu irmaoo !  ahushaushauhsuahs
104648803382083584|Fri Aug 19 20:19:53 +0000 2011|yongblodsaedat|297380210|100|dat it 4 2dae-dat it
104648803369496576|Fri Aug 19 20:19:53 +0000 2011|deniadhitya|124825392|349|RT @Juvenistina: Juventus masih inginkan Eljero Elia. Amauri dipersiapkan menjadi opsi tambahan untuk mempermudah proses tsb.
104648803373690881|Fri Aug 19 20:19:53 +0000 2011|카토 단조/D |323570250|6|솔직히 이 닌복 디자인... 많이 창피합니다! 교장 선생님! 바꿔주시죠!
104648803356905472|Fri Aug 19 20:19:53 +0000 2011|John|15434059|1177|I wish I can take a pic... There is like 20 people here all on their cel phones tapping away... #starbucks
104648803356905474|Fri Aug 19 20:19:53 +0000 2011|Sindija Rūmniece|247417013|42|sakārojās marshmallowi, mmm.
104648803382071299|Fri Aug 19 20:19:53 +0000 2011|Maa.|143230875|265|@giicamasao dá pra me atender caralho HUAHUAHUA *-*
104648803377889280|Fri Aug 19 20:19:53 +0000 2011|Usenet Italia|68701967|267|Newsgroups: O Nata Lux: fantastico inno http://t.co/zrQOndy
104648803377876992|Fri Aug 19 20:19:53 +0000 2011|Bruna|199889993|103|@gabimariab um salve pra elas \o/ E mais tarde a gente comemora com samba!
104648803365302272|Fri Aug 19 20:19:53 +0000 2011|Ace Lucky Luciano|200877236|2332|RT @_AlexisJade: Chillin' before work :)|Whea Yu Wurk...
104648803382067200|Fri Aug 19 20:19:53 +0000 2011|Marcela Freitas|309206817|26|@ThataMendes134 oi tininhaaa
104648803377881088|Fri Aug 19 20:19:53 +0000 2011|Alonso Parruad |353494970|80|Hoy nos vamos de parranda @Bindi_Bird
104648803390472192|Fri Aug 19 20:19:53 +0000 2011|ﾋﾛ♂|96042401|622|@yn_ck そっか、岩手を楽しんでいってねー(((o(*ﾟ▽ﾟ*)o)))
104648803386261504|Fri Aug 19 20:19:53 +0000 2011|Anthony Foster|121491860|49|@Jeradzzz they are exclusive to Next Level employees. All my staff have them....... Or you can order one on threadless
104648803373690880|Fri Aug 19 20:19:53 +0000 2011|Karol Vasconcelos|355818418|61|é @Mirelakarine, por isso que eu digo logo que não interessa! aqui em murici o mais ver é cobra!!
104648803361112064|Fri Aug 19 20:19:53 +0000 2011|alejandro rodriguez|51207178|94|@SusyDiazTO jajaj #justinbeiber #FAIL
104648803352715264|Fri Aug 19 20:19:53 +0000 2011|Alex Goldschmidt|14326874|370|@smrtmnky It's just a well-crafted pop tour de force. Never pretending to be more
104648803377885184|Fri Aug 19 20:19:53 +0000 2011|Arthur|227439671|176|Гули гули http://t.co/kIkHUqg
104648803382071296|Fri Aug 19 20:19:53 +0000 2011|Cody Wilds|151733665|37|RT @LynziIsWinning: I swear, my boyfriend, @HanSolosWinning sleeps more than anyone I know. I don't even know how it's possible to sleep ...
104648803361099776|Fri Aug 19 20:19:53 +0000 2011|stephanie|16209626|1301|RT @whitehouse: White House Internship Program -- Blog on experience: http://t.co/ZCq5P2t Spring 2012 application: http://t.co/PeXb7Dc
104648803369484288|Fri Aug 19 20:19:53 +0000 2011|Oswaldo Tosta |85468407|515|@elteatrobar cuanto es el limite por curiosidad?
104648803365294080|Fri Aug 19 20:19:53 +0000 2011|Iván Rodriguez|69656906|425|RT @soloporjoder: Cursillo de Twitter:
1)¿Ve una cuenta que le interese? Dele follow.
2)Si al tiempo no le gusta: dele Unfollow.
3)Si le ...
104648803365294081|Fri Aug 19 20:19:53 +0000 2011|celOsthiinO|93906927|494|RT @VanNeshiuX: Si me consedieran 2 deseos horita. .pediria x la salud de mi primo. .y que en "chiapas" no hiciera tanto calor. ..
104648807555399680|Fri Aug 19 20:19:54 +0000 2011|Aliny Castro|292391781|444|ooooi ammores, Boaa Tarde! saaudades do povins *---*
104648807576383490|Fri Aug 19 20:19:54 +0000 2011|Ulvi ERCAN|315766849|50|@06melihgokcek savcıyla ne konuştunuz ve neden isminiz sürekli bu tür sevilmeyen olaylar ile anılıyor?
104648807576383489|Fri Aug 19 20:19:54 +0000 2011|lamestizona|339528568|66|Avemariapurisima, ya se me estaba olvidando darle su tortilla a mis pavos
104648807584776192|Fri Aug 19 20:19:54 +0000 2011|Volkan Alptekin|122163218|17|Karayiplerde kus olsam. Kasadaki fis olsam.opsem seni gozlerinden..gozunden akan yas olsam
104648807580573697|Fri Aug 19 20:19:54 +0000 2011|Francielly Uliana |182122002|142|que soninho
104648807576375297|Fri Aug 19 20:19:54 +0000 2011|Miranda vd Brink|81334198|1091|@MileStone_Band ga mijn premie wel terugverdienen nu hihihi
104648807547011072|Fri Aug 19 20:19:54 +0000 2011|Dimas Gunawan|78208855|171|@JasonRudipak @endrooberson nyet, lu pada ke senayan ga entar?
104648807563788288|Fri Aug 19 20:19:54 +0000 2011|Chit chat|342511571|0|I have butterflies in my stomach thinking about seeing you tonight. So weird... Hope your training goes well. In line for security now.
104648807563792384|Fri Aug 19 20:19:54 +0000 2011|THEhype|76265896|427|RT @_CinnCity: It looks like it's gonna pour & I love it !
104648807580573696|Fri Aug 19 20:19:54 +0000 2011|HustlinAzz Bloccboi|201499932|393|Can't wait til my lil cos lil Kelly get out fuck you snitch nigas
104648807576383488|Fri Aug 19 20:19:54 +0000 2011|FCO Restart Floripa|174342062|509|RT @PLucasMeuTesao: Pra você que tem FACEBOOK, pode curtir a página Oficial da @rockrestart [http://t.co/1WFnSyj] e da #RestartShop [htt ...
104648807580565504|Fri Aug 19 20:19:54 +0000 2011|Single Moms TV|32556888|568|RT @Stevanie_Mariee: It’s so simple to be wise. Just think of something stupid to say and then don’t say it.#justsaying
104648807576375296|Fri Aug 19 20:19:54 +0000 2011|angelimar ortiz |133823494|139|RT @MisterPhrases: Nunca te rindas ante los obstáculos que nos presenta la vida, recuerda que quien lucha por lo que quiere goza de sus  ...
104648811762302976|Fri Aug 19 20:19:55 +0000 2011|Jessica Rusch|341717110|1|hey everyone youve got to check this out I made $350 today so far http://t.co/aaDkPjc
104648811749715970|Fri Aug 19 20:19:55 +0000 2011|Charlie Baileygates|150282457|775|No, mentira.
104648811779080193|Fri Aug 19 20:19:55 +0000 2011|xxEsmeexx|323866618|7|Tja ik moet plassen #destomstedingentwitteren
104648811758092289|Fri Aug 19 20:19:55 +0000 2011|alind channesa|263038813|611|RT @sucitale: tadi sebelum sampe ke taman suropati, kita ngelewatin taman lawang guys, ada alumni 5 yg diganggu gitu dah hahaha
104648811758092290|Fri Aug 19 20:19:55 +0000 2011|阿威羅@恋人募集なう←|226615423|333|化粧とか、洋服に無頓着だからなぁwwwだれか助けてww
104648811749715971|Fri Aug 19 20:19:55 +0000 2011|Daniiel'Estradda|186520396|1774|Ultimo fin de semana de vacaciones #Fail
104648811758108672|Fri Aug 19 20:19:55 +0000 2011|Aug 12th B~Day ¤|240353672|1739|I'm looking down from the top and its crowded below.
104648811753897984|Fri Aug 19 20:19:55 +0000 2011|♥.|165709218|100|Watmoetknou!
104648811749707776|Fri Aug 19 20:19:55 +0000 2011|mac-k|189885059|177|@Deirpaider577 おはようございます！おはありでした。今日は忙しい！
104648811770691584|Fri Aug 19 20:19:55 +0000 2011|Mark Smith|293775692|229|it's my birthday on sunday, i remember u scoring vs wigan last year on my birthday, mayb u can get another this year 4 me!!@YossiBenayoun15
104648811779080194|Fri Aug 19 20:19:55 +0000 2011|Brittany Theresa|343615427|158|Why is it that dogs love to hang their head out of the car window, but get mad at you when you blow in their face? #randomthought
104648811766493184|Fri Aug 19 20:19:55 +0000 2011|Clothilde|339018449|54|un bon westside conection sa fait du bien
104648811749703680|Fri Aug 19 20:19:55 +0000 2011|Ms. Kelia Coleman|186326880|294|@ChaseDotado lol no thanks! Mom didn't Whole Foods shop yet =)
104648811749715969|Fri Aug 19 20:19:55 +0000 2011|Harsya Anggrhinoue|57172915|357|Huahahaha #peace RT @mkarinaps: Its damn last year yomaan hahaha“@anggrhinoue: Dibela2in pulang pagi kan lgsg kuliah *wink  #eeaaa
104648811753910272|Fri Aug 19 20:19:55 +0000 2011|Damian|215043190|136|@LOOKATMEMIRANDAhoe heet dat liedje waar kim op danste #hollandsgottalent
104648811770679296|Fri Aug 19 20:19:55 +0000 2011|Lucas Candido Plaza|104688674|78|#Meus_Fãs: @tullinho @JuuBritto @_Matheusmayer @Filipesudre @jully_ana_ @Karinask_ veja os seus em http://t.co/McW2tMR
104648811762298880|Fri Aug 19 20:19:55 +0000 2011|ブロッコアマイモン|352050167|25|@yukio_ey あまり寝たくないのですが…
104648811779072000|Fri Aug 19 20:19:55 +0000 2011|Leonard Hughes|329971293|97|RT @_TheRealMontage: females should carry condoms too. #JustSaying.
104648811745525760|Fri Aug 19 20:19:55 +0000 2011|Ameliaranne|16243733|547|Impressed with all the thoughtful thank you cards from summer @marlomarketing interns http://t.co/84BNIyf
104648811741323264|Fri Aug 19 20:19:55 +0000 2011|Karry Gaudio|356484859|0|http://t.co/TasPMhB is totally amazing! Jim Hendry Lucien Laviscount
104648811770691586|Fri Aug 19 20:19:55 +0000 2011|ninabremman|309788838|68|RT @justxlife: In life we do things, some we wish we had never done, some we wanna replay a million times in our heads. But they make us ...
104648811745509376|Fri Aug 19 20:19:55 +0000 2011|Eu•ni•que |304953215|46|This family of miinneeeee
104648811758100480|Fri Aug 19 20:19:55 +0000 2011|Prince Salomon|113829470|449|RT @Red_Crayola07: I need a drink.&lt;&lt;--- I need about 15
104648811774869504|Fri Aug 19 20:19:55 +0000 2011|FuckYouBxtch|199301014|306|You don't know how good it feels to call you my boy
104648811766484992|Fri Aug 19 20:19:55 +0000 2011|xoxo 'Jazzmyn Nicole|232668458|738|RT @fuckyourpenguin: I loveee that song called misery business by paramore..
104648811749711872|Fri Aug 19 20:19:55 +0000 2011|thiago henrique sest|285108415|27|RT @TititicaReaI: dormir é uma coisa tão facil....faço isso até de olhos fechados .....
104648811745525761|Fri Aug 19 20:19:55 +0000 2011|Nando9|172901864|597|@Raheem_CFC @juanmacastano who's juan?
104648815973367808|Fri Aug 19 20:19:56 +0000 2011|büşra şık|319029578|199|Size tek önerim eğer Tv izliyorsanız sakn Atv'ye getirmeyin..Diyeceğimi yanlış anlamayın ama orda insanı esir alan bir ortam var..
104648815960797184|Fri Aug 19 20:19:56 +0000 2011|Living Better|291790790|9|FitFlop Walkstar III lets you work out while you walk! http://t.co/SuVDzqh
104648815956590592|Fri Aug 19 20:19:56 +0000 2011|Abigail Achiri|88436683|159|I hate having beef with people.
104648815973376001|Fri Aug 19 20:19:56 +0000 2011|Caroline De Beleyr|250596782|31|For relaxing times, make it Chocolate time. http://t.co/92YhkJM
104648815944019968|Fri Aug 19 20:19:56 +0000 2011|Cassie Owen|91932638|432|@brittie15 hi bby!
104648815952412673|Fri Aug 19 20:19:56 +0000 2011|Rodney Wright|144280649|717|@adrisneakz that goes to show if you stick with somthing long enough ppl will flock to it and you can say YALL NIGGAZ LATE AS HELL
104648815964995584|Fri Aug 19 20:19:56 +0000 2011|karoliina|64135029|142|@MaryanneAbreu_ eu realmente não sabia que precisava tomar banho pra atender um telefonema , ai ai , sei não viu *-*
104648815939821568|Fri Aug 19 20:19:56 +0000 2011|deezy edwards|88795805|64|@Msmimibaybe check dm
104648815952412672|Fri Aug 19 20:19:56 +0000 2011|Nándz|348237441|33|@AgapitoFlw JAjajajajajaja Mama bicho!! ... Cuando Comienze a Trabajar con Mi Fama tienes ke Dejar eso pq Saldre en la Comay !! hahaha
104648815952404480|Fri Aug 19 20:19:56 +0000 2011|Alex|37260450|619|@Chester_Noda hey you flirt
104648815948214272|Fri Aug 19 20:19:56 +0000 2011|Amanda:)|285606131|1469|RT @BelieberHood: I don't think @justinbieber even knows how he changed my life. Maybe if he reads this http://t.co/dA7Vyqw
104648815973376000|Fri Aug 19 20:19:56 +0000 2011|Sir Buzz Trillington|289167155|156|RT @NovaGiovanni: The government poisoned our people, killed our heroes, & always finds new ways to kill off our population.
104648815948206081|Fri Aug 19 20:19:56 +0000 2011|Eric|289442506|151|@pjswan Moto (Motorola) tech that is...stupid phone. (MOTOROLA PHONE!!!!) Lol
104648820150910979|Fri Aug 19 20:19:57 +0000 2011|LuisDurazo|330775357|34|Aaaah ! Auudrene didn't help me x)
104648820142518272|Fri Aug 19 20:19:57 +0000 2011|Rickey|235335352|7|I saw Drowning Pool last night in my small little hometown.  I enjoyed it they put on a nice show
104648820129927169|Fri Aug 19 20:19:57 +0000 2011|Nastya S_Va|309761987|10|приехала моя Женька, приготовили сосиски в тесте и яблочный штрудель...последнее оказалось мега-вкусное творение)))
104648820146712576|Fri Aug 19 20:19:57 +0000 2011|Joselyn Barrios (: |297367477|48|En la samartin comprando un pastel mmMmmM... De chocolate por fiis hahaha (:
104648820129931264|Fri Aug 19 20:19:57 +0000 2011|María Fernanda M.|122214276|255|¡Vaya! Ya has twitteado eso... Bla bla blaaaaaa
104648820150910976|Fri Aug 19 20:19:57 +0000 2011|Lexie :)|240569219|204|#ff @Nylesiaaa
104648820142505984|Fri Aug 19 20:19:57 +0000 2011|Nina |254400800|49|Watch the Throne is the best rap album #imjustsayen
104648820167688192|Fri Aug 19 20:19:57 +0000 2011|-HiS'SUGGA[plUM]|51953044|273|The fuckinq high way full of people smhh where the hell theyy going
104648820159299584|Fri Aug 19 20:19:57 +0000 2011|Yaael De Ligiaa|57855419|78|@LigiaColinPerez MI TOODO! HEEEY ME HINCO ANTE TODA TU GRANDEZA! A LA BELLEZA CUANDO SACASTE TU FUERZA ERES GIGANTE♥...
104648820134117376|Fri Aug 19 20:19:57 +0000 2011|Stephanie|64322578|83|@jonasbieber1118 just followed you back!(:
104648820163485696|Fri Aug 19 20:19:57 +0000 2011|Fernando Villegas L|109477909|36|@Javier_Alatorre Igualitos q en Mexico en el 85
104648820134121472|Fri Aug 19 20:19:57 +0000 2011|Cifrão Stronda|160353982|177|@deniskns vo entra
104648820134125569|Fri Aug 19 20:19:57 +0000 2011|=) Luanna (=|346413187|8|@DJazzoff я не загадываю) я знаю ;-)
104648820146716672|Fri Aug 19 20:19:57 +0000 2011|Mrs. Happy ♡|66996812|217|RT @_Dannyy_A: @dacch_ gaat een ei voor me maken jaa:) « YEAH ☺
104648820134125568|Fri Aug 19 20:19:57 +0000 2011|Yessenia❤|271538736|342|@_Lgee I thought u were leaving!liar!
104648820150898688|Fri Aug 19 20:19:57 +0000 2011|Dalganoth Hitokiri|69082817|65|@Immortal_Nami *hugs her surprising her* :3
104648820155105280|Fri Aug 19 20:19:57 +0000 2011|Jazmine Agee|322394293|133|@Flymoney_French u gotta make your schedule r pay r financial aid ????
104648820134133761|Fri Aug 19 20:19:57 +0000 2011|Jerónimo Mejía|229241986|138|En verdad hay un par de abogados ciegos q veo en los tribunales, no se como hacen, pero los admiro mucho #respect
104648820150910978|Fri Aug 19 20:19:57 +0000 2011| CAROLINA MORAIS |66223328|475|@theoayres experimenta o de abacaxi com hortelã...
104648820146708480|Fri Aug 19 20:19:57 +0000 2011|Ahmad Munsif Respati|67224779|598|@Reynaldyy lo nonton paramore?
