24|JSON object does not contain value for 'id'|{"delete":{"status":{"user_id_str":"216327976","id_str":"104644726506012672","id":104644726506012672,"user_id":216327976}}}
70|JSON object does not contain value for 'id'|{"delete":{"status":{"user_id_str":"201627587","id_str":"81109400454053888","id":81109400454053888,"user_id":201627587}}}
103|JSON object does not contain value for 'id'|{"delete":{"status":{"user_id_str":"105273308","id_str":"104648547512762368","id":104648547512762368,"user_id":105273308}}}
156|JSON object does not contain value for 'id'|{"delete":{"status":{"user_id_str":"236037153","id_str":"104648295858712576","id":104648295858712576,"user_id":236037153}}}
157|JSON object does not contain value for 'id'|{"delete":{"status":{"user_id_str":"172692605","id_str":"22413312033558528","id":22413312033558528,"user_id":172692605}}}
187|JSON object does not contain value for 'id'|{"delete":{"status":{"user_id_str":"91728408","id_str":"93869395935367169","id":93869395935367169,"user_id":91728408}}}
194|JSON object does not contain value for 'id'|{"delete":{"status":{"user_id_str":"357069454","id_str":"104648748839342080","id":104648748839342080,"user_id":357069454}}}
196|JSON object does not contain value for 'id'|{"delete":{"status":{"user_id_str":"86520660","id_str":"104496927625854976","id":104496927625854976,"user_id":86520660}}}
212|JSON object does not contain value for 'id'|{"delete":{"status":{"user_id_str":"339194987","id_str":"93765947650871296","id":93765947650871296,"user_id":339194987}}}
249|JSON object does not contain value for 'id'|{"delete":{"status":{"user_id_str":"182141625","id_str":"93762336363520000","id":93762336363520000,"user_id":182141625}}}
251|JSON object does not contain value for 'id'|{"delete":{"status":{"user_id_str":"55011617","id_str":"67029017051676672","id":67029017051676672,"user_id":55011617}}}
252|JSON object does not contain value for 'id'|{"delete":{"status":{"user_id_str":"295805308","id_str":"104648753033658368","id":104648753033658368,"user_id":295805308}}}
278|JSON object does not contain value for 'id'|{"delete":{"status":{"user_id_str":"36137638","id_str":"20891056501424128","id":20891056501424128,"user_id":36137638}}}
279|JSON object does not contain value for 'id'|{"delete":{"status":{"user_id_str":"165992080","id_str":"102075757261623298","id":102075757261623298,"user_id":165992080}}}
283|JSON object does not contain value for 'id'|{"delete":{"status":{"user_id_str":"202487327","id_str":"104648472027856896","id":104648472027856896,"user_id":202487327}}}
298|JSON object does not contain value for 'id'|{"delete":{"status":{"user_id_str":"145331978","id_str":"104647922578235393","id":104647922578235393,"user_id":145331978}}}
311|JSON object does not contain value for 'id'|{"delete":{"status":{"user_id_str":"349718778","id_str":"104648828526927873","id":104648828526927873,"user_id":349718778}}}
367|JSON object does not contain value for 'id'|{"delete":{"status":{"user_id_str":"341717110","id_str":"104648811762302976","id":104648811762302976,"user_id":341717110}}}
368|JSON object does not contain value for 'id'|{"delete":{"status":{"user_id_str":"172692605","id_str":"16888759354130434","id":16888759354130434,"user_id":172692605}}}
387|JSON object does not contain value for 'id'|{"delete":{"status":{"user_id_str":"329350610","id_str":"104603332903051264","id":104603332903051264,"user_id":329350610}}}
390|JSON object does not contain value for 'id'|{"delete":{"status":{"user_id_str":"356042584","id_str":"104536526028947456","id":104536526028947456,"user_id":356042584}}}
450|JSON object does not contain value for 'id'|{"delete":{"status":{"user_id_str":"87499688","id_str":"104383400395288576","id":104383400395288576,"user_id":87499688}}}
452|JSON object does not contain value for 'id'|{"delete":{"status":{"user_id_str":"172692605","id_str":"15068376867016704","id":15068376867016704,"user_id":172692605}}}
479|JSON object does not contain value for 'id'|{"delete":{"status":{"user_id_str":"45160412","id_str":"104647524115161089","id":104647524115161089,"user_id":45160412}}}
498|JSON object does not contain value for 'id'|{"delete":{"status":{"user_id_str":"144494126","id_str":"95983492948688897","id":95983492948688897,"user_id":144494126}}}
524|JSON object does not contain value for 'id'|{"delete":{"status":{"user_id_str":"45218589","id_str":"104648845329313792","id":104648845329313792,"user_id":45218589}}}
526|JSON object does not contain value for 'id'|{"delete":{"status":{"user_id_str":"358190239","id_str":"104648799158407168","id":104648799158407168,"user_id":358190239}}}
552|JSON object does not contain value for 'id'|{"delete":{"status":{"user_id_str":"178138724","id_str":"95714281542254592","id":95714281542254592,"user_id":178138724}}}
554|JSON object does not contain value for 'id'|{"delete":{"status":{"user_id_str":"291023082","id_str":"74204007396155392","id":74204007396155392,"user_id":291023082}}}
572|JSON object does not contain value for 'id'|{"delete":{"status":{"user_id_str":"320370685","id_str":"104648853722107904","id":104648853722107904,"user_id":320370685}}}
580|JSON object does not contain value for 'id'|{"delete":{"status":{"user_id_str":"182141625","id_str":"93001300874240001","id":93001300874240001,"user_id":182141625}}}
650|JSON object does not contain value for 'id'|{"delete":{"status":{"user_id_str":"338329789","id_str":"104648862110728193","id":104648862110728193,"user_id":338329789}}}
652|JSON object does not contain value for 'id'|{"delete":{"status":{"user_id_str":"23409031","id_str":"104647339574173696","id":104647339574173696,"user_id":23409031}}}
668|JSON object does not contain value for 'id'|{"delete":{"status":{"user_id_str":"21039957","id_str":"104648727884607489","id":104648727884607489,"user_id":21039957}}}
696|JSON object does not contain value for 'id'|{"delete":{"status":{"user_id_str":"135191760","id_str":"104641551409483776","id":104641551409483776,"user_id":135191760}}}
705|JSON object does not contain value for 'id'|{"delete":{"status":{"user_id_str":"243669098","id_str":"104648715301695488","id":104648715301695488,"user_id":243669098}}}
726|JSON object does not contain value for 'id'|{"delete":{"status":{"user_id_str":"152595321","id_str":"104636048474259456","id":104636048474259456,"user_id":152595321}}}
729|JSON object does not contain value for 'id'|{"delete":{"status":{"user_id_str":"165992080","id_str":"101999852929552384","id":101999852929552384,"user_id":165992080}}}
735|JSON object does not contain value for 'id'|{"delete":{"status":{"user_id_str":"51541874","id_str":"104648358794248192","id":104648358794248192,"user_id":51541874}}}
763|JSON object does not contain value for 'id'|{"delete":{"status":{"user_id_str":"336712765","id_str":"92324679943077888","id":92324679943077888,"user_id":336712765}}}
781|JSON object does not contain value for 'id'|{"delete":{"status":{"user_id_str":"140193263","id_str":"104611234980179968","id":104611234980179968,"user_id":140193263}}}
784|JSON object does not contain value for 'id'|{"delete":{"status":{"user_id_str":"186565218","id_str":"104648740463312898","id":104648740463312898,"user_id":186565218}}}
807|JSON object does not contain value for 'id'|{"delete":{"status":{"user_id_str":"133331819","id_str":"101241472455684097","id":101241472455684097,"user_id":133331819}}}
830|JSON object does not contain value for 'id'|{"delete":{"status":{"user_id_str":"22923775","id_str":"104308326560563201","id":104308326560563201,"user_id":22923775}}}
854|JSON object does not contain value for 'id'|{"delete":{"status":{"user_id_str":"57110250","id_str":"104648916615696384","id":104648916615696384,"user_id":57110250}}}
875|JSON object does not contain value for 'id'|{"delete":{"status":{"user_id_str":"221902945","id_str":"92475645493383168","id":92475645493383168,"user_id":221902945}}}
891|JSON object does not contain value for 'id'|{"delete":{"status":{"user_id_str":"91728408","id_str":"89954910736621568","id":89954910736621568,"user_id":91728408}}}
904|JSON object does not contain value for 'id'|{"delete":{"status":{"user_id_str":"20163158","id_str":"104648618811727872","id":104648618811727872,"user_id":20163158}}}
914|JSON object does not contain value for 'id'|{"delete":{"status":{"user_id_str":"301555280","id_str":"104648589472579585","id":104648589472579585,"user_id":301555280}}}
965|JSON object does not contain value for 'id'|{"delete":{"status":{"user_id_str":"51207178","id_str":"104648803361112064","id":104648803361112064,"user_id":51207178}}}
966|JSON object does not contain value for 'id'|{"delete":{"status":{"user_id_str":"332125160","id_str":"104034937623150592","id":104034937623150592,"user_id":332125160}}}
985|JSON object does not contain value for 'id'|{"delete":{"status":{"user_id_str":"256070611","id_str":"103548041839132672","id":103548041839132672,"user_id":256070611}}}
989|JSON object does not contain value for 'id'|{"delete":{"status":{"user_id_str":"205984137","id_str":"29397976133","id":29397976133,"user_id":205984137}}}
998|JSON object does not contain value for 'id'|{"delete":{"status":{"user_id_str":"154002499","id_str":"103646045963173888","id":103646045963173888,"user_id":154002499}}}
1021|JSON object does not contain value for 'id'|{"delete":{"status":{"user_id_str":"254358524","id_str":"104599583203655680","id":104599583203655680,"user_id":254358524}}}
1061|JSON object does not contain value for 'id'|{"delete":{"status":{"user_id_str":"135282238","id_str":"104648358785851392","id":104648358785851392,"user_id":135282238}}}
1075|Invalid JSON object|{"place":null,"retweet_count":0,"in_reply_to_status_id":104646748982620161,"text":"@ericstm ARGGHHH","coordinates":null,"created_at":"Fri Aug 19 20:20:37 +0000 2011","source":" u003Ca href= "http: / /twitter.com " rel= "nofollow " u003ETweetie for Mac u003C /a u003E","id_str":"104648987902091264","in_reply_to_user_id":76620460,"favorited":false,"in_reply_to_status_id_str":"104646748982620161","in_reply_to_screen_name":"ericstm","truncat
