104648799179382784|Fri Aug 19 20:19:52 +0000 2011|RT @RobertoSosaMtz: "@SexoFacto: Hoy es viernes, se supone que hoy toca ¿no?"// y ayer porque era jueves no ...? Y mañana porque será sá ...
