1|2|-2147483647|9223372036854775807|Some Text|Varchar data|2013-07-02 16:09:07.838681|4.4|8.8
